// Jest Snapshot v1, https://goo.gl/fbAQLP

exports[`Registration Page renders correctly 1`] = `
<main>
  <section
    id="Header"
  >
    <h1
      className="RegistrationTitle"
    >
      Registration
    </h1>
    <h2
      className="RegistrationHeader"
    >
      Please enter your data here
    </h2>
    <p
      className="Space"
    />
  </section>
  <section
    className="tibutField"
  >
    <table
      className="tributTable"
    >
      <tbody>
        <tr>
          <td
            className="genderLabel"
          >
            Gender:
          </td>
          <td
            className="genderArea"
          >
            <select
              className="dropdownGender"
              id="gender"
            />
          </td>
        </tr>
        <tr>
          <td
            className="ageLabel"
          >
            Age:
          </td>
          <td
            className="ageArea"
          >
            <select
              className="dropdownAge"
              id="age"
            />
          </td>
        </tr>
        <tr>
          <td
            className="heightLabel"
          >
            Height:
          </td>
          <td
            className="heightArea"
          >
            <select
              className="dropdownHeight"
              id="height"
            />
          </td>
        </tr>
        <tr>
          <td
            className="weightLabel"
          >
            Weight:
          </td>
          <td
            className="weightArea"
          >
             
            <select
              className="dropdownWeight"
              id="weight"
            />
          </td>
        </tr>
        <tr>
          <td
            className="zipCodeLabel"
          >
            Zip Code:
          </td>
          <td
            className="zipCodeArea"
          >
            <input
              className="fieldZipCode"
              id="zipCode"
            />
          </td>
        </tr>
        <tr>
          <td
            className="spaceHolder"
          />
          <td
            className="submitButtonField"
          >
             
            <button
              id="submitButton"
              onClick={[Function]}
              type="button"
            >
              Submit
            </button>
          </td>
        </tr>
      </tbody>
    </table>
  </section>
</main>
`;
